============================= test session starts =============================
platform win32 -- Python 3.12.10, pytest-9.0.2, pluggy-1.6.0 -- C:\Users\jono1\AppData\Local\Python\pythoncore-3.12-64\python.exe
cachedir: .pytest_cache
PySide6 6.10.2 -- Qt runtime 6.10.2 -- Qt compiled 6.10.2
rootdir: C:\Users\jono1\OneDrive\Documents\Personal Projects\Jehu-Reader
configfile: pytest.ini
plugins: qt-4.5.0
collecting ... collected 1 item

tests/ui/test_layout_and_movement.py::test_initial_layout ERROR          [100%]

=================================== ERRORS ====================================
____________________ ERROR at setup of test_initial_layout ____________________

qtbot = <pytestqt.qtbot.QtBot object at 0x0000019E23B4E600>

    @pytest.fixture
    def main_window(qtbot):
        # Clear settings to start fresh
        QSettings("JehuReader", "MainWindow").clear()
    
>       window = MainWindow()
                 ^^^^^^^^^^^^

tests\ui\test_layout_and_movement.py:15: 
_ _ _ _ _ _ _ _ _ _ _ _ _ _ _ _ _ _ _ _ _ _ _ _ _ _ _ _ _ _ _ _ _ _ _ _ _ _ _ _

self = <src.ui.main_window.MainWindow(0x19e2007b780) at 0x0000019E23B573C0>

    def __init__(self):
        super().__init__()
        self._is_applying_preset = True
    
        from src.scene.reader_scene import ReaderScene
        self.main_scene = ReaderScene()
    
        self.setWindowTitle("Jehu Reader")
    
        # Main Layout Structure
        self.center_workspace = QMainWindow()
        self.center_workspace.setObjectName("CenterWorkspace")
        self.setCentralWidget(self.center_workspace)
    
        self.setDocumentMode(True)
        self.center_workspace.setDocumentMode(True)
    
        # Activity Bar
        self.toolbar = QToolBar("Activity Bar")
        self.toolbar.setObjectName("ActivityBar")
        self.toolbar.setMovable(False)
        self.activity_bar = ActivityBar()
        self.toolbar.addWidget(self.activity_bar)
        self.addToolBar(Qt.LeftToolBarArea, self.toolbar)
    
        self.center_panels = []
    
        from src.ui.main_window_dock_manager import MainWindowDockManager
        self.dock_manager = MainWindowDockManager(self)
    
        from src.ui.components.reading_view_link_manager import ReadingViewLinkManager
        self.link_manager = ReadingViewLinkManager(self)
        self.split_link_buttons = []
    
        self.setup_docks()
>       self._load_and_restore_layout()

src\ui\main_window.py:56: 
_ _ _ _ _ _ _ _ _ _ _ _ _ _ _ _ _ _ _ _ _ _ _ _ _ _ _ _ _ _ _ _ _ _ _ _ _ _ _ _

self = <src.ui.main_window.MainWindow(0x19e2007b780) at 0x0000019E23B573C0>

    def _load_and_restore_layout(self):
        from src.ui.components.reading_view_panel import ReadingViewPanel
        settings = QSettings("JehuReader", "MainWindow")
    
        try:
            self._left_dock_pct = float(settings.value("left_dock_pct", 0.10))
            self._right_dock_pct = float(settings.value("right_dock_pct", 0.10))
        except (ValueError, TypeError):
            self._left_dock_pct = 0.10
            self._right_dock_pct = 0.10
    
        geom = settings.value("geometry")
        if geom:
            self.restoreGeometry(geom)
        else:
            self.resize(1400, 900)
    
        panels_json = settings.value("center_panels_state")
        restored_any = False
        if panels_json:
            try:
                panels_state = json.loads(panels_json)
                for state in panels_state:
                    p_type = state.get("type")
                    p_name = state.get("objectName")
    
                    if p_type == "ReadingView":
                        self.add_reading_view(object_name=p_name)
                        restored_any = True
                    elif p_type == "Note":
                        self.add_note_panel(state.get("note_key"), state.get("ref"), object_name=p_name)
                        restored_any = True
                    elif p_type == "Outline":
                        outline_id = state.get("outline_id")
                        if outline_id:
                            self.add_outline_panel(outline_id, object_name=p_name, is_restoring=True)
                            restored_any = True
            except Exception as e:
                print("Failed to restore panels:", e)
    
        if not restored_any:
>           self.add_reading_view()

src\ui\main_window_layout.py:49: 
_ _ _ _ _ _ _ _ _ _ _ _ _ _ _ _ _ _ _ _ _ _ _ _ _ _ _ _ _ _ _ _ _ _ _ _ _ _ _ _

self = <src.ui.main_window.MainWindow(0x19e2007b780) at 0x0000019E23B573C0>
object_name = None

    def add_reading_view(self, object_name=None):
        from src.scene.reader_scene import ReaderScene
        from src.ui.components.reading_view_panel import ReadingViewPanel
        from src.ui.components.outline_panel import OutlinePanel
    
        shared = {
            'loader': self.main_scene.loader,
            'study_manager': self.main_scene.study_manager,
            'symbol_manager': self.main_scene.symbol_manager,
            'strongs_manager': self.main_scene.strongs_manager
        }
        scene = ReaderScene(self, shared_resources=shared)
        scene.set_strongs_enabled(self.main_scene.strongs_enabled)
        scene.set_outlines_enabled(self.main_scene.outlines_enabled)
        scene.set_active_outline(self.main_scene.active_outline_id)
    
>       panel = ReadingViewPanel(scene, self.main_scene.study_manager)
                ^^^^^^^^^^^^^^^^^^^^^^^^^^^^^^^^^^^^^^^^^^^^^^^^^^^^^^

src\ui\main_window_panels.py:32: 
_ _ _ _ _ _ _ _ _ _ _ _ _ _ _ _ _ _ _ _ _ _ _ _ _ _ _ _ _ _ _ _ _ _ _ _ _ _ _ _

self = <src.ui.components.reading_view_panel.ReadingViewPanel(0x19e2ec90f30) at 0x0000019E358898C0>
scene = <src.scene.reader_scene.ReaderScene(0x19e2eed6990) at 0x0000019E35888AC0>
study_manager = <src.managers.study_manager.StudyManager object at 0x0000019E2CA580B0>
parent = None

    def __init__(self, scene, study_manager, parent=None):
        super().__init__(parent)
        self.scene = scene
    
        self.layout = QGridLayout(self)
        self.layout.setContentsMargins(0, 0, 0, 0)
        self.layout.setSpacing(0)
    
        self.reader_widget = ReaderWidget(scene=scene)
    
        # --- Top HUD Layout (Translation Button + Search Bar) ---
        hud_container = QWidget()
        hud_layout = QHBoxLayout(hud_container)
        hud_layout.setContentsMargins(0, 0, 0, 0)
        hud_layout.setSpacing(0)
    
        self.trans_button = QPushButton(self.scene.primary_translation)
        self.trans_button.setCursor(Qt.PointingHandCursor)
        self.trans_button.setStyleSheet("""
            QPushButton {
                background-color: #252525;
                color: #888;
                border: 1px solid #333;
                border-right: none;
                border-radius: 0px;
                padding: 4px 8px;
                font-size: 10px;
                font-weight: bold;
                height: 28px;
            }
            QPushButton:hover {
                background-color: #333;
                color: #64c8ff;
            }
        """)
        self.trans_button.clicked.connect(self._show_translation_menu)
    
        self.search_bar = SearchBar()
        # Ensure search bar styling matches or integrates well
        self.search_bar.setStyleSheet(self.search_bar.styleSheet() + " QLineEdit { border-left: 1px solid #333; border-radius: 0px; }")
    
        hud_layout.addWidget(self.trans_button)
        hud_layout.addWidget(self.search_bar, 1) # Search bar takes remaining space
    
        # 1. HUD (Top)
        self.layout.addWidget(hud_container, 0, 0)
    
        # 2. Reader Widget (Bottom)
        self.layout.addWidget(self.reader_widget, 1, 0)
        self.layout.setRowStretch(1, 1)
        self.layout.setColumnStretch(0, 1)
    
        # 3. Bookmark Sidebar (Overlapping the reader widget in Row 1)
        self.bookmark_sidebar = BookmarkSidebar(study_manager)
        self.layout.addWidget(self.bookmark_sidebar, 1, 0, Qt.AlignLeft)
        self.bookmark_sidebar.raise_()
    
        # Internal Connections
        self.bookmark_sidebar.bookmarkJumpRequested.connect(self.reader_widget.scene.jump_to)
    
        self.search_bar.jumpToRef.connect(self.reader_widget.scene.jump_to)
        self.search_bar.searchText.connect(self.reader_widget.scene.handle_search)
>       self.search_bar.nextMatch.connect(self.reader_widget.scene.next_match)
                                          ^^^^^^^^^^^^^^^^^^^^^^^^^^^^^^^^^^^
E       AttributeError: 'ReaderScene' object has no attribute 'next_match'

src\ui\components\reading_view_panel.py:74: AttributeError
---------------------------- Captured stdout setup ----------------------------
Loading Primary Bible data from C:\Users\jono1\OneDrive\Documents\Personal Projects\Jehu-Reader\data\mdbible-main\mdbible-main\json\ESV.json...
Parsing ESV JSON data...
Loaded 31104 verses in 1.98s
Parsing Strong's dictionary from C:\Users\jono1\OneDrive\Documents\Personal Projects\Jehu-Reader\resources/strongs-dictionary.xhtml...
Parsed 14197 Strong's entries in 0.23s
Indexing Strong's usages with snippets...
Indexed Strong's usages in 2.03s
=========================== short test summary info ===========================
ERROR tests/ui/test_layout_and_movement.py::test_initial_layout - AttributeError: 'ReaderScene' object has no attribute 'next_match'
============================== 1 error in 6.22s ===============================
