============================= test session starts =============================
platform win32 -- Python 3.12.10, pytest-9.0.2, pluggy-1.6.0
PySide6 6.10.2 -- Qt runtime 6.10.2 -- Qt compiled 6.10.2
rootdir: C:\Users\jono1\OneDrive\Documents\Personal Projects\Jehu-Reader
configfile: pytest.ini
plugins: cov-7.0.0, qt-4.5.0
collected 121 items

tests\component\scene\test_scene_regression.py ..                        [  1%]
tests\component\test_scene_input_handler.py .F                           [  3%]
tests\component\test_study_tree_populator.py F                           [  4%]
tests\component\ui\components\test_note_editor.py ........               [ 10%]
tests\component\ui\components\test_spellcheck_title_edit.py ...          [ 13%]
tests\component\ui\test_export_manager.py .                              [ 14%]
tests\component\ui\test_widget_resize.py .                               [ 14%]
tests\e2e\test_app_startup.py .                                          [ 15%]
tests\e2e\ui\test_layout_and_movement.py ......                          [ 20%]
tests\e2e\ui\test_main_window_layout.py ...                              [ 23%]
tests\e2e\ui\test_main_window_placeholder.py ....                        [ 26%]
tests\e2e\ui\test_restore_layout_fallback.py .....                       [ 30%]
tests\integration\scene\test_ghost_arrows.py .......FFF                  [ 38%]
tests\integration\scene\test_scene_interactions.py .F.                   [ 41%]
tests\integration\scene\test_scene_outline_manager.py .                  [ 42%]
tests\integration\scene\test_scene_overlay.py ....                       [ 45%]
tests\integration\test_reader_pipeline.py .                              [ 46%]
tests\unit\core\test_multi_translation_loader.py ..                      [ 47%]
tests\unit\core\test_search_engine.py .................                  [ 61%]
tests\unit\core\test_verse_loader.py .....                               [ 66%]
tests\unit\managers\test_outline_manager_scrubbing.py .....              [ 70%]
tests\unit\managers\test_release_note_manager.py .....                   [ 74%]
tests\unit\managers\test_spellcheck_manager.py ....                      [ 77%]
tests\unit\managers\test_strongs_manager.py ..                           [ 79%]
tests\unit\managers\test_study_manager.py ........                       [ 85%]
tests\unit\scene\test_layout_engine.py .F..                              [ 89%]
tests\unit\scene\test_layout_engine_boundary_fixes.py ..                 [ 90%]
tests\unit\scene\test_mac_delete_key.py FF                               [ 92%]
tests\unit\utils\test_exporter.py ...                                    [ 95%]
tests\unit\utils\test_reader_utils.py ..                                 [ 96%]
tests\unit\utils\test_snake_path_finder.py ..                            [ 98%]
tests\unit\utils\test_update_manager.py ..                               [100%]

================================== FAILURES ===================================
____________________ test_input_handler_wheel_accumulator _____________________
tests\component\test_scene_input_handler.py:47: in test_input_handler_wheel_accumulator
    handler.handle_wheel(wheel_event)
src\scene\scene_input_handler.py:39: in handle_wheel
    s.set_scroll_y(max(0, min(len(s.loader.flat_verses)-1, s.target_virtual_scroll_y - (30/120.0)*(s.scroll_sens/100.0))))
                          ^^^^^^^^^^^^^^^^^^^^^^^^^^^^^^^^^^^^^^^^^^^^^^^^^^^^^^^^^^^^^^^^^^^^^^^^^^^^^^^^^^^^^^^^^^^^^^
E   TypeError: '<' not supported between instances of 'MagicMock' and 'int'
__________________ test_study_tree_populator_initialization ___________________
tests\component\test_study_tree_populator.py:24: in test_study_tree_populator_initialization
    tree = StudyTreeWidget(mock_study_manager)
           ^^^^^^^^^^^^^^^^^^^^^^^^^^^^^^^^^^^
E   TypeError: StudyTreeWidget.__init__() missing 1 required positional argument: 'symbol_manager'
______ TestGhostArrowDeletion.test_delete_by_end_key_keeps_other_arrows _______
tests\integration\scene\test_ghost_arrows.py:196: in test_delete_by_end_key_keeps_other_arrows
    self._call_delete_for_key(handler, mock_scene, "Genesis|1|1|2")
tests\integration\scene\test_ghost_arrows.py:157: in _call_delete_for_key
    handler._handle_delete_key()
    ^^^^^^^^^^^^^^^^^^^^^^^^^^
E   AttributeError: 'SceneInputHandler' object has no attribute '_handle_delete_key'
______ TestGhostArrowDeletion.test_delete_by_end_key_removes_ghost_arrow ______
tests\integration\scene\test_ghost_arrows.py:176: in test_delete_by_end_key_removes_ghost_arrow
    self._call_delete_for_key(handler, mock_scene, "Genesis|1|1|2")
tests\integration\scene\test_ghost_arrows.py:157: in _call_delete_for_key
    handler._handle_delete_key()
    ^^^^^^^^^^^^^^^^^^^^^^^^^^
E   AttributeError: 'SceneInputHandler' object has no attribute '_handle_delete_key'
________ TestGhostArrowDeletion.test_delete_by_start_key_removes_arrow ________
tests\integration\scene\test_ghost_arrows.py:166: in test_delete_by_start_key_removes_arrow
    self._call_delete_for_key(handler, mock_scene, "Genesis|1|1|0")
tests\integration\scene\test_ghost_arrows.py:157: in _call_delete_for_key
    handler._handle_delete_key()
    ^^^^^^^^^^^^^^^^^^^^^^^^^^
E   AttributeError: 'SceneInputHandler' object has no attribute '_handle_delete_key'
____________ TestSceneInteractionArrows.test_finish_arrow_drawing _____________
tests\integration\scene\test_scene_interactions.py:73: in test_finish_arrow_drawing
    self.mock_study_manager.add_arrow.assert_called_with(
..\..\..\..\AppData\Local\Python\pythoncore-3.12-64\Lib\unittest\mock.py:949: in assert_called_with
    raise AssertionError(_error_message()) from cause
E   AssertionError: expected call not found.
E   Expected: add_arrow('Genesis|1|1|0', 'Genesis|1|1|5', '#99ffffff', arrow_type='straight')
E     Actual: add_arrow('Genesis|1|1|0', 'Genesis|1|1|5', '#96ffffff', arrow_type='straight')
____________________________ test_get_ref_from_pos ____________________________
tests\unit\scene\test_layout_engine.py:23: in test_get_ref_from_pos
    assert engine.get_ref_from_pos(5) is None
           ^^^^^^^^^^^^^^^^^^^^^^^
E   AttributeError: 'LayoutEngine' object has no attribute 'get_ref_from_pos'. Did you mean: '_get_ref_from_pos'?
---------------------------- Captured stdout setup ----------------------------
Loading Primary Bible data from C:\Users\jono1\OneDrive\Documents\Personal Projects\Jehu-Reader\data\mdbible-main\mdbible-main\json\ESV.json...
Parsing ESV JSON data...
Loaded 31104 verses in 1.52s
Parsing Strong's dictionary from C:\Users\jono1\OneDrive\Documents\Personal Projects\Jehu-Reader\resources/strongs-dictionary.xhtml...
Parsed 14197 Strong's entries in 0.16s
Indexing Strong's usages with snippets...
Indexed Strong's usages in 1.73s
_______________ TestMacDeleteKey.test_backspace_triggers_delete _______________
tests\unit\scene\test_mac_delete_key.py:20: in test_backspace_triggers_delete
    self.handler.study_handler = MagicMock()
         ^^^^^^^^^^^^^^^^^^^^^^^^^^^^^^^^^^^^
..\..\..\..\AppData\Local\Python\pythoncore-3.12-64\Lib\unittest\mock.py:1467: in __enter__
    original, local = self.get_original()
                      ^^^^^^^^^^^^^^^^^^^
..\..\..\..\AppData\Local\Python\pythoncore-3.12-64\Lib\unittest\mock.py:1437: in get_original
    raise AttributeError(
E   AttributeError: <class 'src.scene.scene_input_handler.SceneInputHandler'> does not have the attribute '_handle_delete_key'
__________________ TestMacDeleteKey.test_delete_still_works ___________________
tests\unit\scene\test_mac_delete_key.py:30: in test_delete_still_works
    self.handler.study_handler = MagicMock()
         ^^^^^^^^^^^^^^^^^^^^^^^^^^^^^^^^^^^^
..\..\..\..\AppData\Local\Python\pythoncore-3.12-64\Lib\unittest\mock.py:1467: in __enter__
    original, local = self.get_original()
                      ^^^^^^^^^^^^^^^^^^^
..\..\..\..\AppData\Local\Python\pythoncore-3.12-64\Lib\unittest\mock.py:1437: in get_original
    raise AttributeError(
E   AttributeError: <class 'src.scene.scene_input_handler.SceneInputHandler'> does not have the attribute '_handle_delete_key'
============================== warnings summary ===============================
tests/e2e/ui/test_layout_and_movement.py::test_save_panels
  C:\Users\jono1\OneDrive\Documents\Personal Projects\Jehu-Reader\src\ui\components\reading_view_link_manager.py:93: RuntimeWarning: Failed to disconnect (<bound method ReadingViewLinkManager._on_any_scroll_changed of <src.ui.components.reading_view_link_manager.ReadingViewLinkManager(0x20d7042ccc0) at 0x0000020D05B7C6C0>>) from signal "scrollChanged(int)".
    scene.scrollChanged.disconnect(self._on_any_scroll_changed)

tests/e2e/ui/test_layout_and_movement.py::test_drop_on_placeholder_dock
  C:\Users\jono1\OneDrive\Documents\Personal Projects\Jehu-Reader\src\ui\components\reading_view_link_manager.py:93: RuntimeWarning: Failed to disconnect (<bound method ReadingViewLinkManager._on_any_scroll_changed of <src.ui.components.reading_view_link_manager.ReadingViewLinkManager(0x20d70419c60) at 0x0000020D2C3557C0>>) from signal "scrollChanged(int)".
    scene.scrollChanged.disconnect(self._on_any_scroll_changed)

tests/e2e/ui/test_layout_and_movement.py::test_close_tabified_panel
  C:\Users\jono1\OneDrive\Documents\Personal Projects\Jehu-Reader\src\ui\components\reading_view_link_manager.py:93: RuntimeWarning: Failed to disconnect (<bound method ReadingViewLinkManager._on_any_scroll_changed of <src.ui.components.reading_view_link_manager.ReadingViewLinkManager(0x20d70433e80) at 0x0000020D89CD89C0>>) from signal "scrollChanged(int)".
    scene.scrollChanged.disconnect(self._on_any_scroll_changed)

-- Docs: https://docs.pytest.org/en/stable/how-to/capture-warnings.html
=========================== short test summary info ===========================
FAILED tests/component/test_scene_input_handler.py::test_input_handler_wheel_accumulator
FAILED tests/component/test_study_tree_populator.py::test_study_tree_populator_initialization
FAILED tests/integration/scene/test_ghost_arrows.py::TestGhostArrowDeletion::test_delete_by_end_key_keeps_other_arrows
FAILED tests/integration/scene/test_ghost_arrows.py::TestGhostArrowDeletion::test_delete_by_end_key_removes_ghost_arrow
FAILED tests/integration/scene/test_ghost_arrows.py::TestGhostArrowDeletion::test_delete_by_start_key_removes_arrow
FAILED tests/integration/scene/test_scene_interactions.py::TestSceneInteractionArrows::test_finish_arrow_drawing
FAILED tests/unit/scene/test_layout_engine.py::test_get_ref_from_pos - Attrib...
FAILED tests/unit/scene/test_mac_delete_key.py::TestMacDeleteKey::test_backspace_triggers_delete
FAILED tests/unit/scene/test_mac_delete_key.py::TestMacDeleteKey::test_delete_still_works
============ 9 failed, 112 passed, 3 warnings in 164.93s (0:02:44) ============
